// Jest Snapshot v1, https://goo.gl/fbAQLP

exports[`Render Footer matches the snapshot 1`] = `
ShallowWrapper {
  "length": 1,
  Symbol(enzyme.__root__): [Circular],
  Symbol(enzyme.__unrendered__): <EventListenerConsumer />,
  Symbol(enzyme.__renderer__): Object {
    "batchedUpdates": [Function],
    "getNode": [Function],
    "render": [Function],
    "simulateEvent": [Function],
    "unmount": [Function],
  },
  Symbol(enzyme.__node__): Object {
    "instance": null,
    "key": undefined,
    "nodeType": "function",
    "props": Object {
      "children": [Function],
    },
    "ref": null,
    "rendered": [Function],
    "type": Object {
      "$$typeof": Symbol(react.context),
      "Consumer": [Circular],
      "Provider": Object {
        "$$typeof": Symbol(react.provider),
        "_context": [Circular],
      },
      "_calculateChangedBits": null,
      "_changedBits": 0,
      "_changedBits2": 0,
      "_currentRenderer": null,
      "_currentRenderer2": null,
      "_currentValue": Object {
        "addEventListener": [Function],
        "removeEventListener": [Function],
      },
      "_currentValue2": Object {
        "addEventListener": [Function],
        "removeEventListener": [Function],
      },
      "_defaultValue": Object {
        "addEventListener": [Function],
        "removeEventListener": [Function],
      },
    },
  },
  Symbol(enzyme.__nodes__): Array [
    Object {
      "instance": null,
      "key": undefined,
      "nodeType": "function",
      "props": Object {
        "children": [Function],
      },
      "ref": null,
      "rendered": [Function],
      "type": Object {
        "$$typeof": Symbol(react.context),
        "Consumer": [Circular],
        "Provider": Object {
          "$$typeof": Symbol(react.provider),
          "_context": [Circular],
        },
        "_calculateChangedBits": null,
        "_changedBits": 0,
        "_changedBits2": 0,
        "_currentRenderer": null,
        "_currentRenderer2": null,
        "_currentValue": Object {
          "addEventListener": [Function],
          "removeEventListener": [Function],
        },
        "_currentValue2": Object {
          "addEventListener": [Function],
          "removeEventListener": [Function],
        },
        "_defaultValue": Object {
          "addEventListener": [Function],
          "removeEventListener": [Function],
        },
      },
    },
  ],
  Symbol(enzyme.__options__): Object {
    "adapter": ReactSixteenAdapter {
      "options": Object {
        "enableComponentDidUpdateOnSetState": true,
      },
    },
  },
}
`;
