// Jest Snapshot v1, https://goo.gl/fbAQLP

exports[`Invaild Reset Password Email Template should match snapshot 1`] = `"<!DOCTYPE html PUBLIC \\"-//W3C//DTD XHTML 1.0 Strict//EN\\" \\"http://www.w3.org/TR/xhtml1/DTD/xhtml1-strict.dtd\\"><html lang=\\"en\\" xmlns=\\"http://www.w3.org/1999/xhtml\\"><head><meta http-equiv=\\"Content-Type\\" content=\\"text/html; charset=utf-8\\"/><meta name=\\"viewport\\" content=\\"width=device-width, initial-scale=1.0\\"/><title>Pencil4life Password Reset</title></head><body style=\\"width:100%;margin:0;padding:0;-webkit-text-size-adjust:100%;-ms-text-size-adjust:100%\\"><table width=\\"100%\\" height=\\"100%\\" cellPadding=\\"0\\" cellSpacing=\\"0\\" border=\\"0\\" align=\\"left\\" valign=\\"top\\"><tbody><tr><td align=\\"center\\" valign=\\"top\\"><table width=\\"600\\" align=\\"center\\" cellPadding=\\"0\\" cellSpacing=\\"0\\" border=\\"0\\" valign=\\"top\\"><tbody><table width=\\"600px\\" cellPadding=\\"8\\" cellSpacing=\\"16\\" align=\\"center\\" border=\\"0\\" valign=\\"top\\"><tbody><tr><td align=\\"center\\"><a href=\\"https://www.pencil4life.com/#/\\" target=\\"_blank\\" style=\\"text-decoration:underline\\"><img alt=\\"PENCIL4Life\\" src=\\"https://pencil4life.com/images/pencil4lifelogo-blue-transparent.png\\" width=\\"600\\" height=\\"155\\" style=\\"display:block;outline:none;border:none;text-decoration:none\\"/></a></td></tr><tr><td><span style=\\"font-family:sans-serif;font-size:20px;line-height:20px;color:#000\\">Hello Friend,</span></td></tr><tr><td><span style=\\"font-family:sans-serif;font-size:12px;line-height:12px;color:#000\\">You recently requested to reset your password for your Pencil4Life Account. But we don&#x27;t have any account using your email address.</span></td></tr><tr><td align=\\"center\\"><span style=\\"font-family:sans-serif;font-size:12px;line-height:12px;color:#000\\"><a href=\\"https://www.pencil4life.com/#/signup\\" target=\\"_blank\\" style=\\"text-decoration:underline\\">Click Here</a> to make an account.</span></td></tr><tr><td><span style=\\"font-family:sans-serif;font-size:12px;line-height:12px;color:#000\\">If you didn&#x27;t make this request no need to worry, but if you have questions about your accounts security  <a href=\\"https://www.pencil4life.com/#/contact/message/\\" target=\\"_blank\\" style=\\"text-decoration:underline\\">Click Here</a> to send us a message.</span></td></tr><tr><td><span style=\\"font-family:sans-serif;font-size:12px;line-height:12px;color:#000\\">Thank you, Pencil 4 Life</span></td></tr></tbody></table></tbody></table></td></tr></tbody></table></body></html>"`;

exports[`Reset Password Email Template should match snapshot 1`] = `"<!DOCTYPE html PUBLIC \\"-//W3C//DTD XHTML 1.0 Strict//EN\\" \\"http://www.w3.org/TR/xhtml1/DTD/xhtml1-strict.dtd\\"><html lang=\\"en\\" xmlns=\\"http://www.w3.org/1999/xhtml\\"><head><meta http-equiv=\\"Content-Type\\" content=\\"text/html; charset=utf-8\\"/><meta name=\\"viewport\\" content=\\"width=device-width, initial-scale=1.0\\"/><title>Pencil4life Password Reset</title></head><body style=\\"width:100%;margin:0;padding:0;-webkit-text-size-adjust:100%;-ms-text-size-adjust:100%\\"><table width=\\"100%\\" height=\\"100%\\" cellPadding=\\"0\\" cellSpacing=\\"0\\" border=\\"0\\" align=\\"left\\" valign=\\"top\\"><tbody><tr><td align=\\"center\\" valign=\\"top\\"><table width=\\"600\\" align=\\"center\\" cellPadding=\\"0\\" cellSpacing=\\"0\\" border=\\"0\\" valign=\\"top\\"><tbody><table width=\\"600px\\" cellPadding=\\"8\\" cellSpacing=\\"16\\" align=\\"center\\" border=\\"0\\" valign=\\"top\\"><tbody><tr><td align=\\"center\\"><a href=\\"https://www.pencil4life.com/#/\\" target=\\"_blank\\" style=\\"text-decoration:underline\\"><img alt=\\"PENCIL4Life\\" src=\\"https://pencil4life.com/images/pencil4lifelogo-blue-transparent.png\\" width=\\"600\\" height=\\"155\\" style=\\"display:block;outline:none;border:none;text-decoration:none\\"/></a></td></tr><tr><td><span style=\\"font-family:sans-serif;font-size:18px;line-height:18px;color:#000\\">Hello username,</span></td></tr><tr><td><span style=\\"font-family:sans-serif;font-size:12px;line-height:12px;color:#000\\">You recently requested to reset your password for your Pencil4Life Account. Use the button below to reset it.</span><span style=\\"font-family:sans-serif;font-size:12px;font-weight:bold;line-height:12px;color:#000\\">This password reset is only vaild for the next 24 hours.</span></td></tr><tr><td align=\\"center\\"><span style=\\"font-family:sans-serif;font-size:12px;line-height:12px;color:#000\\"><a href=\\"https://www.pencil4life.com/#/resetpassword/user_id/reset_code\\" target=\\"_blank\\" style=\\"text-decoration:underline\\">Click Here</a> to reset your password.</span></td></tr><tr><td><span style=\\"font-family:sans-serif;font-size:12px;line-height:12px;color:#000\\">If you didn&#x27;t make this request no need to worry, but if you have questions about your accounts security  <a href=\\"https://www.pencil4life.com/#/contact/message/\\" target=\\"_blank\\" style=\\"text-decoration:underline\\">Click Here</a> to send us a message.</span></td></tr><tr><td><span style=\\"font-family:sans-serif;font-size:12px;line-height:12px;color:#000\\">Thank you, Pencil 4 Life</span></td></tr></tbody></table></tbody></table></td></tr></tbody></table></body></html>"`;
