// Jest Snapshot v1, https://goo.gl/fbAQLP

exports[`Render NewsPage matches the snapshot 1`] = `
ShallowWrapper {
  "length": 1,
  Symbol(enzyme.__root__): [Circular],
  Symbol(enzyme.__unrendered__): <UserConsumer />,
  Symbol(enzyme.__renderer__): Object {
    "batchedUpdates": [Function],
    "getNode": [Function],
    "render": [Function],
    "simulateEvent": [Function],
    "unmount": [Function],
  },
  Symbol(enzyme.__node__): Object {
    "instance": null,
    "key": undefined,
    "nodeType": "function",
    "props": Object {
      "children": [Function],
    },
    "ref": null,
    "rendered": [Function],
    "type": Object {
      "$$typeof": Symbol(react.context),
      "Consumer": [Circular],
      "Provider": Object {
        "$$typeof": Symbol(react.provider),
        "_context": [Circular],
      },
      "_calculateChangedBits": null,
      "_changedBits": 0,
      "_changedBits2": 0,
      "_currentRenderer": null,
      "_currentRenderer2": null,
      "_currentValue": Object {
        "admin": false,
        "checkResetCode": [Function],
        "email": null,
        "firstname": null,
        "forgotPassword": [Function],
        "getUser": [Function],
        "lastname": null,
        "login": [Function],
        "logout": [Function],
        "resetPassword": [Function],
        "signup": [Function],
        "updatePassword": [Function],
        "updateUser": [Function],
        "userAccess": false,
        "username": null,
      },
      "_currentValue2": Object {
        "admin": false,
        "checkResetCode": [Function],
        "email": null,
        "firstname": null,
        "forgotPassword": [Function],
        "getUser": [Function],
        "lastname": null,
        "login": [Function],
        "logout": [Function],
        "resetPassword": [Function],
        "signup": [Function],
        "updatePassword": [Function],
        "updateUser": [Function],
        "userAccess": false,
        "username": null,
      },
      "_defaultValue": Object {
        "admin": false,
        "checkResetCode": [Function],
        "email": null,
        "firstname": null,
        "forgotPassword": [Function],
        "getUser": [Function],
        "lastname": null,
        "login": [Function],
        "logout": [Function],
        "resetPassword": [Function],
        "signup": [Function],
        "updatePassword": [Function],
        "updateUser": [Function],
        "userAccess": false,
        "username": null,
      },
    },
  },
  Symbol(enzyme.__nodes__): Array [
    Object {
      "instance": null,
      "key": undefined,
      "nodeType": "function",
      "props": Object {
        "children": [Function],
      },
      "ref": null,
      "rendered": [Function],
      "type": Object {
        "$$typeof": Symbol(react.context),
        "Consumer": [Circular],
        "Provider": Object {
          "$$typeof": Symbol(react.provider),
          "_context": [Circular],
        },
        "_calculateChangedBits": null,
        "_changedBits": 0,
        "_changedBits2": 0,
        "_currentRenderer": null,
        "_currentRenderer2": null,
        "_currentValue": Object {
          "admin": false,
          "checkResetCode": [Function],
          "email": null,
          "firstname": null,
          "forgotPassword": [Function],
          "getUser": [Function],
          "lastname": null,
          "login": [Function],
          "logout": [Function],
          "resetPassword": [Function],
          "signup": [Function],
          "updatePassword": [Function],
          "updateUser": [Function],
          "userAccess": false,
          "username": null,
        },
        "_currentValue2": Object {
          "admin": false,
          "checkResetCode": [Function],
          "email": null,
          "firstname": null,
          "forgotPassword": [Function],
          "getUser": [Function],
          "lastname": null,
          "login": [Function],
          "logout": [Function],
          "resetPassword": [Function],
          "signup": [Function],
          "updatePassword": [Function],
          "updateUser": [Function],
          "userAccess": false,
          "username": null,
        },
        "_defaultValue": Object {
          "admin": false,
          "checkResetCode": [Function],
          "email": null,
          "firstname": null,
          "forgotPassword": [Function],
          "getUser": [Function],
          "lastname": null,
          "login": [Function],
          "logout": [Function],
          "resetPassword": [Function],
          "signup": [Function],
          "updatePassword": [Function],
          "updateUser": [Function],
          "userAccess": false,
          "username": null,
        },
      },
    },
  ],
  Symbol(enzyme.__options__): Object {
    "adapter": ReactSixteenAdapter {
      "options": Object {
        "enableComponentDidUpdateOnSetState": true,
      },
    },
  },
}
`;
