// Jest Snapshot v1, https://goo.gl/fbAQLP

exports[`Render TwitchIFrame should match the snaphot 1`] = `
ShallowWrapper {
  "length": 1,
  Symbol(enzyme.__root__): [Circular],
  Symbol(enzyme.__unrendered__): <TwitchIframe />,
  Symbol(enzyme.__renderer__): Object {
    "batchedUpdates": [Function],
    "getNode": [Function],
    "render": [Function],
    "simulateEvent": [Function],
    "unmount": [Function],
  },
  Symbol(enzyme.__node__): Object {
    "instance": null,
    "key": undefined,
    "nodeType": "host",
    "props": Object {
      "children": <iframe
        allowFullScreen={true}
        frameBorder="0"
        onLoad={[Function]}
        scrolling="no"
        src="https://player.twitch.tv/?channel=pencil4life"
        style={
          Object {
            "height": "auto",
            "width": "auto",
          }
        }
      />,
      "className": "twitch-iframe-wrapper col-md-8 p-0",
    },
    "ref": Object {
      "current": null,
    },
    "rendered": Object {
      "instance": null,
      "key": undefined,
      "nodeType": "host",
      "props": Object {
        "allowFullScreen": true,
        "frameBorder": "0",
        "onLoad": [Function],
        "scrolling": "no",
        "src": "https://player.twitch.tv/?channel=pencil4life",
        "style": Object {
          "height": "auto",
          "width": "auto",
        },
      },
      "ref": Object {
        "current": null,
      },
      "rendered": null,
      "type": "iframe",
    },
    "type": "div",
  },
  Symbol(enzyme.__nodes__): Array [
    Object {
      "instance": null,
      "key": undefined,
      "nodeType": "host",
      "props": Object {
        "children": <iframe
          allowFullScreen={true}
          frameBorder="0"
          onLoad={[Function]}
          scrolling="no"
          src="https://player.twitch.tv/?channel=pencil4life"
          style={
            Object {
              "height": "auto",
              "width": "auto",
            }
          }
        />,
        "className": "twitch-iframe-wrapper col-md-8 p-0",
      },
      "ref": Object {
        "current": null,
      },
      "rendered": Object {
        "instance": null,
        "key": undefined,
        "nodeType": "host",
        "props": Object {
          "allowFullScreen": true,
          "frameBorder": "0",
          "onLoad": [Function],
          "scrolling": "no",
          "src": "https://player.twitch.tv/?channel=pencil4life",
          "style": Object {
            "height": "auto",
            "width": "auto",
          },
        },
        "ref": Object {
          "current": null,
        },
        "rendered": null,
        "type": "iframe",
      },
      "type": "div",
    },
  ],
  Symbol(enzyme.__options__): Object {
    "adapter": ReactSixteenAdapter {
      "options": Object {
        "enableComponentDidUpdateOnSetState": true,
      },
    },
  },
}
`;
