// Jest Snapshot v1, https://goo.gl/fbAQLP

exports[`Render main route component matches the snapshot 1`] = `
ShallowWrapper {
  "length": 1,
  Symbol(enzyme.__root__): [Circular],
  Symbol(enzyme.__unrendered__): <App />,
  Symbol(enzyme.__renderer__): Object {
    "batchedUpdates": [Function],
    "getNode": [Function],
    "render": [Function],
    "simulateEvent": [Function],
    "unmount": [Function],
  },
  Symbol(enzyme.__node__): Object {
    "instance": null,
    "key": undefined,
    "nodeType": "class",
    "props": Object {
      "children": <UserWrapper
        initialState={
          Object {
            "admin": false,
            "email": null,
            "firstname": null,
            "lastname": null,
            "userAccess": false,
            "username": null,
          }
        }
      >
        <ImageWrapper
          initialState={
            Object {
              "imageList": Object {},
              "images": Array [],
              "limit": 0,
              "page": 0,
              "pageTotal": 0,
              "total": 0,
              "totalPages": 0,
            }
          }
        >
          <HashRouter>
            <EventListenerWrapper>
              <LoadableComponent />
              <Routes />
              <LoadableComponent />
            </EventListenerWrapper>
          </HashRouter>
        </ImageWrapper>
      </UserWrapper>,
      "initialState": Object {
        "limit": 0,
        "newsItemList": Object {},
        "newsItems": Array [],
        "page": 0,
        "pageTotal": 0,
        "total": 0,
        "totalPages": 0,
      },
    },
    "ref": null,
    "rendered": Object {
      "instance": null,
      "key": undefined,
      "nodeType": "class",
      "props": Object {
        "children": <ImageWrapper
          initialState={
            Object {
              "imageList": Object {},
              "images": Array [],
              "limit": 0,
              "page": 0,
              "pageTotal": 0,
              "total": 0,
              "totalPages": 0,
            }
          }
        >
          <HashRouter>
            <EventListenerWrapper>
              <LoadableComponent />
              <Routes />
              <LoadableComponent />
            </EventListenerWrapper>
          </HashRouter>
        </ImageWrapper>,
        "initialState": Object {
          "admin": false,
          "email": null,
          "firstname": null,
          "lastname": null,
          "userAccess": false,
          "username": null,
        },
      },
      "ref": null,
      "rendered": Object {
        "instance": null,
        "key": undefined,
        "nodeType": "class",
        "props": Object {
          "children": <HashRouter>
            <EventListenerWrapper>
              <LoadableComponent />
              <Routes />
              <LoadableComponent />
            </EventListenerWrapper>
          </HashRouter>,
          "initialState": Object {
            "imageList": Object {},
            "images": Array [],
            "limit": 0,
            "page": 0,
            "pageTotal": 0,
            "total": 0,
            "totalPages": 0,
          },
        },
        "ref": null,
        "rendered": Object {
          "instance": null,
          "key": undefined,
          "nodeType": "class",
          "props": Object {
            "children": <EventListenerWrapper>
              <LoadableComponent />
              <Routes />
              <LoadableComponent />
            </EventListenerWrapper>,
          },
          "ref": null,
          "rendered": Object {
            "instance": null,
            "key": undefined,
            "nodeType": "class",
            "props": Object {
              "children": Array [
                <LoadableComponent />,
                <Routes />,
                <LoadableComponent />,
              ],
            },
            "ref": null,
            "rendered": Array [
              Object {
                "instance": null,
                "key": undefined,
                "nodeType": "class",
                "props": Object {},
                "ref": null,
                "rendered": null,
                "type": [Function],
              },
              Object {
                "instance": null,
                "key": undefined,
                "nodeType": "class",
                "props": Object {},
                "ref": null,
                "rendered": null,
                "type": [Function],
              },
              Object {
                "instance": null,
                "key": undefined,
                "nodeType": "class",
                "props": Object {},
                "ref": null,
                "rendered": null,
                "type": [Function],
              },
            ],
            "type": [Function],
          },
          "type": [Function],
        },
        "type": [Function],
      },
      "type": [Function],
    },
    "type": [Function],
  },
  Symbol(enzyme.__nodes__): Array [
    Object {
      "instance": null,
      "key": undefined,
      "nodeType": "class",
      "props": Object {
        "children": <UserWrapper
          initialState={
            Object {
              "admin": false,
              "email": null,
              "firstname": null,
              "lastname": null,
              "userAccess": false,
              "username": null,
            }
          }
        >
          <ImageWrapper
            initialState={
              Object {
                "imageList": Object {},
                "images": Array [],
                "limit": 0,
                "page": 0,
                "pageTotal": 0,
                "total": 0,
                "totalPages": 0,
              }
            }
          >
            <HashRouter>
              <EventListenerWrapper>
                <LoadableComponent />
                <Routes />
                <LoadableComponent />
              </EventListenerWrapper>
            </HashRouter>
          </ImageWrapper>
        </UserWrapper>,
        "initialState": Object {
          "limit": 0,
          "newsItemList": Object {},
          "newsItems": Array [],
          "page": 0,
          "pageTotal": 0,
          "total": 0,
          "totalPages": 0,
        },
      },
      "ref": null,
      "rendered": Object {
        "instance": null,
        "key": undefined,
        "nodeType": "class",
        "props": Object {
          "children": <ImageWrapper
            initialState={
              Object {
                "imageList": Object {},
                "images": Array [],
                "limit": 0,
                "page": 0,
                "pageTotal": 0,
                "total": 0,
                "totalPages": 0,
              }
            }
          >
            <HashRouter>
              <EventListenerWrapper>
                <LoadableComponent />
                <Routes />
                <LoadableComponent />
              </EventListenerWrapper>
            </HashRouter>
          </ImageWrapper>,
          "initialState": Object {
            "admin": false,
            "email": null,
            "firstname": null,
            "lastname": null,
            "userAccess": false,
            "username": null,
          },
        },
        "ref": null,
        "rendered": Object {
          "instance": null,
          "key": undefined,
          "nodeType": "class",
          "props": Object {
            "children": <HashRouter>
              <EventListenerWrapper>
                <LoadableComponent />
                <Routes />
                <LoadableComponent />
              </EventListenerWrapper>
            </HashRouter>,
            "initialState": Object {
              "imageList": Object {},
              "images": Array [],
              "limit": 0,
              "page": 0,
              "pageTotal": 0,
              "total": 0,
              "totalPages": 0,
            },
          },
          "ref": null,
          "rendered": Object {
            "instance": null,
            "key": undefined,
            "nodeType": "class",
            "props": Object {
              "children": <EventListenerWrapper>
                <LoadableComponent />
                <Routes />
                <LoadableComponent />
              </EventListenerWrapper>,
            },
            "ref": null,
            "rendered": Object {
              "instance": null,
              "key": undefined,
              "nodeType": "class",
              "props": Object {
                "children": Array [
                  <LoadableComponent />,
                  <Routes />,
                  <LoadableComponent />,
                ],
              },
              "ref": null,
              "rendered": Array [
                Object {
                  "instance": null,
                  "key": undefined,
                  "nodeType": "class",
                  "props": Object {},
                  "ref": null,
                  "rendered": null,
                  "type": [Function],
                },
                Object {
                  "instance": null,
                  "key": undefined,
                  "nodeType": "class",
                  "props": Object {},
                  "ref": null,
                  "rendered": null,
                  "type": [Function],
                },
                Object {
                  "instance": null,
                  "key": undefined,
                  "nodeType": "class",
                  "props": Object {},
                  "ref": null,
                  "rendered": null,
                  "type": [Function],
                },
              ],
              "type": [Function],
            },
            "type": [Function],
          },
          "type": [Function],
        },
        "type": [Function],
      },
      "type": [Function],
    },
  ],
  Symbol(enzyme.__options__): Object {
    "adapter": ReactSixteenAdapter {
      "options": Object {
        "enableComponentDidUpdateOnSetState": true,
      },
    },
  },
}
`;
